// Jest Snapshot v1, https://goo.gl/fbAQLP

exports[`snapshot should match the snapshot 1`] = `
<div
  className="temp"
  id="temperatur"
>
  Temperatur
  : 
  42
  Â°C
</div>
`;
